// Jest Snapshot v1, https://goo.gl/fbAQLP

exports[`findDependencyMatch basic matching 1`] = `
Array [
  Object {
    "resourceDefinitions": Object {
      "name": "bar",
    },
    "resourceName": "foo",
  },
]
`;
